2025-12-07T10:00:44.093692253 [anonymous-instance:main] Running Firecracker v1.7.0
2025-12-07T10:00:44.190498437 [anonymous-instance:fc_api] The API server received a Put request on "/machine-config" with body "{\"vcpu_count\": 2, \"mem_size_mib\": 1024, \"smt\": false}".
2025-12-07T10:00:44.193175119 [anonymous-instance:fc_api] The request was executed successfully. Status code: 204 No Content.
2025-12-07T10:00:44.194760785 [anonymous-instance:fc_api] The API server received a Put request on "/boot-source" with body "{\"kernel_image_path\": \"./vmlinux.bin\", \"boot_args\": \"console=ttyS0 reboot=k panic=1 pci=off init=/sbin/myinit\"}".
2025-12-07T10:00:44.196589976 [anonymous-instance:fc_api] The request was executed successfully. Status code: 204 No Content.
2025-12-07T10:00:44.197546464 [anonymous-instance:fc_api] The API server received a Put request on "/drives/rootfs" with body "{\"drive_id\": \"rootfs\", \"path_on_host\": \"./rootfs.ext4\", \"is_root_device\": true, \"is_read_only\": false}".
2025-12-07T10:00:44.200603699 [anonymous-instance:fc_api] The request was executed successfully. Status code: 204 No Content.
2025-12-07T10:00:44.201559615 [anonymous-instance:fc_api] The API server received a Put request on "/drives/deps" with body "{\"drive_id\": \"deps\", \"path_on_host\": \"./dep_cache/132ad02647f1b9f522331eb7c206b0ae.ext4\", \"is_root_device\": false, \"is_read_only\": true}".
2025-12-07T10:00:44.204815196 [anonymous-instance:fc_api] The request was executed successfully. Status code: 204 No Content.
2025-12-07T10:00:44.205794571 [anonymous-instance:fc_api] The API server received a Put request on "/vsock" with body "{\"guest_cid\": 3, \"uds_path\": \"/tmp/v.sock\"}".
2025-12-07T10:00:44.208509471 [anonymous-instance:fc_api] The request was executed successfully. Status code: 204 No Content.
2025-12-07T10:00:44.209567128 [anonymous-instance:fc_api] The API server received a Put request on "/actions" with body "{\"action_type\": \"InstanceStart\"}".
2025-12-07T10:00:44.861402100 [anonymous-instance:main] Artificially kick devices.
2025-12-07T10:00:44.862081156 [anonymous-instance:fc_api] The request was executed successfully. Status code: 204 No Content.
[    0.000000] Linux version 4.14.174 (@57edebb99db7) (gcc version 7.5.0 (Ubuntu 7.5.0-3ubuntu1~18.04)) #2 SMP Wed Jul 14 11:47:24 UTC 2021
[    0.000000] Command line: console=ttyS0 reboot=k panic=1 pci=off init=/sbin/myinit root=/dev/vda rw virtio_mmio.device=4K@0xd0000000:5 virtio_mmio.device=4K@0xd0001000:6 virtio_mmio.device=4K@0xd0002000:7
[    0.000000] x86/fpu: Supporting XSAVE feature 0x001: 'x87 floating point registers'
[    0.000000] x86/fpu: Supporting XSAVE feature 0x002: 'SSE registers'
[    0.000000] x86/fpu: Supporting XSAVE feature 0x004: 'AVX registers'
[    0.000000] x86/fpu: xstate_offset[2]:  576, xstate_sizes[2]:  256
[    0.000000] x86/fpu: Enabled xstate features 0x7, context size is 832 bytes, using 'compacted' format.
[    0.000000] e820: BIOS-provided physical RAM map:
[    0.000000] BIOS-e820: [mem 0x0000000000000000-0x000000000009fbff] usable
[    0.000000] BIOS-e820: [mem 0x000000000009fc00-0x000000000009ffff] reserved
[    0.000000] BIOS-e820: [mem 0x0000000000100000-0x000000003fffffff] usable
[    0.000000] NX (Execute Disable) protection: active
[    0.000000] DMI not present or invalid.
[    0.000000] Hypervisor detected: KVM
[    0.000000] tsc: Using PIT calibration value
[    0.000000] e820: last_pfn = 0x40000 max_arch_pfn = 0x400000000
[    0.000000] MTRR: Disabled
[    0.000000] x86/PAT: MTRRs disabled, skipping PAT initialization too.
[    0.000000] CPU MTRRs all blank - virtualized system.
[    0.000000] x86/PAT: Configuration [0-7]: WB  WT  UC- UC  WB  WT  UC- UC  
[    0.000000] found SMP MP-table at [mem 0x0009fc00-0x0009fc0f]
[    0.000000] Scanning 1 areas for low memory corruption
[    0.000000] Using GB pages for direct mapping
[    0.000000] No NUMA configuration found
[    0.000000] Faking a node at [mem 0x0000000000000000-0x000000003fffffff]
[    0.000000] NODE_DATA(0) allocated [mem 0x3ffde000-0x3fffffff]
[    0.000000] kvm-clock: Using msrs 4b564d01 and 4b564d00
[    0.000000] kvm-clock: cpu 0, msr 0:3ffdc001, primary cpu clock
[    0.000000] kvm-clock: using sched offset of 59595447 cycles
[    0.000000] clocksource: kvm-clock: mask: 0xffffffffffffffff max_cycles: 0x1cd42e4dffb, max_idle_ns: 881590591483 ns
[    0.000000] Zone ranges:
[    0.000000]   DMA      [mem 0x0000000000001000-0x0000000000ffffff]
[    0.000000]   DMA32    [mem 0x0000000001000000-0x000000003fffffff]
[    0.000000]   Normal   empty
[    0.000000] Movable zone start for each node
[    0.000000] Early memory node ranges
[    0.000000]   node   0: [mem 0x0000000000001000-0x000000000009efff]
[    0.000000]   node   0: [mem 0x0000000000100000-0x000000003fffffff]
[    0.000000] Initmem setup node 0 [mem 0x0000000000001000-0x000000003fffffff]
[    0.000000] Intel MultiProcessor Specification v1.4
[    0.000000] MPTABLE: OEM ID: FC      
[    0.000000] MPTABLE: Product ID: 000000000000
[    0.000000] MPTABLE: APIC at: 0xFEE00000
[    0.000000] Processor #0 (Bootup-CPU)
[    0.000000] Processor #1
[    0.000000] IOAPIC[0]: apic_id 3, version 17, address 0xfec00000, GSI 0-23
[    0.000000] Processors: 2
[    0.000000] smpboot: Allowing 2 CPUs, 0 hotplug CPUs
[    0.000000] PM: Registered nosave memory: [mem 0x00000000-0x00000fff]
[    0.000000] PM: Registered nosave memory: [mem 0x0009f000-0x0009ffff]
[    0.000000] PM: Registered nosave memory: [mem 0x000a0000-0x000fffff]
[    0.000000] e820: [mem 0x40000000-0xffffffff] available for PCI devices
[    0.000000] Booting paravirtualized kernel on KVM
[    0.000000] clocksource: refined-jiffies: mask: 0xffffffff max_cycles: 0xffffffff, max_idle_ns: 7645519600211568 ns
[    0.000000] random: get_random_bytes called from start_kernel+0x94/0x486 with crng_init=0
[    0.000000] setup_percpu: NR_CPUS:128 nr_cpumask_bits:128 nr_cpu_ids:2 nr_node_ids:1
[    0.000000] percpu: Embedded 41 pages/cpu s128600 r8192 d31144 u1048576
[    0.000000] KVM setup async PF for cpu 0
[    0.000000] kvm-stealtime: cpu 0, msr 3fc15040
[    0.000000] PV qspinlock hash table entries: 256 (order: 0, 4096 bytes)
[    0.000000] Built 1 zonelists, mobility grouping on.  Total pages: 257929
[    0.000000] Policy zone: DMA32
[    0.000000] Kernel command line: console=ttyS0 reboot=k panic=1 pci=off init=/sbin/myinit root=/dev/vda rw virtio_mmio.device=4K@0xd0000000:5 virtio_mmio.device=4K@0xd0001000:6 virtio_mmio.device=4K@0xd0002000:7
[    0.000000] PID hash table entries: 4096 (order: 3, 32768 bytes)
[    0.000000] Memory: 1013988K/1048184K available (8204K kernel code, 645K rwdata, 1480K rodata, 1324K init, 2792K bss, 34196K reserved, 0K cma-reserved)
[    0.000000] SLUB: HWalign=64, Order=0-3, MinObjects=0, CPUs=2, Nodes=1
[    0.004000] Hierarchical RCU implementation.
[    0.004000] 	RCU restricting CPUs from NR_CPUS=128 to nr_cpu_ids=2.
[    0.004000] RCU: Adjusting geometry for rcu_fanout_leaf=16, nr_cpu_ids=2
[    0.004000] NR_IRQS: 4352, nr_irqs: 56, preallocated irqs: 16
[    0.004000] Console: colour dummy device 80x25
[    0.004000] console [ttyS0] enabled
[    0.004000] tsc: Detected 2419.200 MHz processor
[    0.004045] Calibrating delay loop (skipped) preset value.. 4838.40 BogoMIPS (lpj=9676800)
[    0.012007] pid_max: default: 32768 minimum: 301
[    0.020086] Security Framework initialized
[    0.028044] SELinux:  Initializing.
[    0.037649] Dentry cache hash table entries: 131072 (order: 8, 1048576 bytes)
[    0.048017] Inode-cache hash table entries: 65536 (order: 7, 524288 bytes)
[    0.056050] Mount-cache hash table entries: 2048 (order: 2, 16384 bytes)
[    0.064090] Mountpoint-cache hash table entries: 2048 (order: 2, 16384 bytes)
[    0.073058] Last level iTLB entries: 4KB 0, 2MB 0, 4MB 0
[    0.080009] Last level dTLB entries: 4KB 0, 2MB 0, 4MB 0, 1GB 0
[    0.088013] Spectre V1 : Mitigation: usercopy/swapgs barriers and __user pointer sanitization
[    0.092016] Spectre V2 : Mitigation: Enhanced IBRS
[    0.096009] Spectre V2 : Spectre v2 / SpectreRSB mitigation: Filling RSB on context switch
[    0.104030] Spectre V2 : mitigation: Enabling conditional Indirect Branch Prediction Barrier
[    0.112012] Speculative Store Bypass: Mitigation: Speculative Store Bypass disabled via prctl and seccomp
[    0.120399] Freeing SMP alternatives memory: 28K
[    0.133589] smpboot: Max logical packages: 1
[    0.140405] x2apic enabled
[    0.144012] Switched APIC routing to physical x2apic.
[    0.154055] ..TIMER: vector=0x30 apic1=0 pin1=0 apic2=-1 pin2=-1
[    0.156000] smpboot: CPU0: Intel(R) Xeon(R) Processor (family: 0x6, model: 0xb7, stepping: 0x1)
[    0.156240] Performance Events: unsupported p6 CPU model 183 no PMU driver, software events only.
[    0.160188] Hierarchical SRCU implementation.
[    0.164552] smp: Bringing up secondary CPUs ...
[    0.168274] x86: Booting SMP configuration:
[    0.172007] .... node  #0, CPUs:      #1
[    0.004000] kvm-clock: cpu 1, msr 0:3ffdc041, secondary cpu clock
[    0.205998] KVM setup async PF for cpu 1
[    0.208000] kvm-stealtime: cpu 1, msr 3fd15040
[    0.232018] smp: Brought up 1 node, 2 CPUs
[    0.236012] smpboot: Total of 2 processors activated (9676.80 BogoMIPS)
[    0.240757] devtmpfs: initialized
[    0.244086] x86/mm: Memory block size: 128MB
[    0.248503] clocksource: jiffies: mask: 0xffffffff max_cycles: 0xffffffff, max_idle_ns: 7645041785100000 ns
[    0.280033] futex hash table entries: 512 (order: 3, 32768 bytes)
[    0.312345] NET: Registered protocol family 16
[    0.316468] cpuidle: using governor ladder
[    0.320040] cpuidle: using governor menu
[    0.327218] HugeTLB registered 1.00 GiB page size, pre-allocated 0 pages
[    0.328035] HugeTLB registered 2.00 MiB page size, pre-allocated 0 pages
[    0.332099] SCSI subsystem initialized
[    0.352071] pps_core: LinuxPPS API ver. 1 registered
[    0.380010] pps_core: Software ver. 5.3.6 - Copyright 2005-2007 Rodolfo Giometti <giometti@linux.it>
[    0.408037] PTP clock support registered
[    0.424048] dmi: Firmware registration failed.
[    0.448220] NetLabel: Initializing
[    0.468011] NetLabel:  domain hash size = 128
[    0.492014] NetLabel:  protocols = UNLABELED CIPSOv4 CALIPSO
[    0.516042] NetLabel:  unlabeled traffic allowed by default
[    0.548069] clocksource: Switched to clocksource kvm-clock
[    0.579113] VFS: Disk quotas dquot_6.6.0
[    0.601854] VFS: Dquot-cache hash table entries: 512 (order 0, 4096 bytes)
[    0.635556] NET: Registered protocol family 2
[    0.657919] TCP established hash table entries: 8192 (order: 4, 65536 bytes)
[    0.683934] TCP bind hash table entries: 8192 (order: 5, 131072 bytes)
[    0.717938] TCP: Hash tables configured (established 8192 bind 8192)
[    0.752994] UDP hash table entries: 512 (order: 2, 16384 bytes)
[    0.782801] UDP-Lite hash table entries: 512 (order: 2, 16384 bytes)
[    0.811280] NET: Registered protocol family 1
[    0.834782] virtio-mmio: Registering device virtio-mmio.0 at 0xd0000000-0xd0000fff, IRQ 5.
[    0.859281] virtio-mmio: Registering device virtio-mmio.1 at 0xd0001000-0xd0001fff, IRQ 6.
[    0.880278] virtio-mmio: Registering device virtio-mmio.2 at 0xd0002000-0xd0002fff, IRQ 7.
[    0.907120] clocksource: tsc: mask: 0xffffffffffffffff max_cycles: 0x22df1149949, max_idle_ns: 440795312789 ns
[    0.953722] platform rtc_cmos: registered platform RTC device (no PNP device found)
[    0.989117] Scanning for low memory corruption every 60 seconds
[    1.013388] audit: initializing netlink subsys (disabled)
[    1.028226] audit: type=2000 audit(1765101645.966:1): state=initialized audit_enabled=0 res=1
[    1.028337] Initialise system trusted keyrings
[    1.085421] Key type blacklist registered
[    1.108620] workingset: timestamp_bits=36 max_order=18 bucket_order=0
[    1.144151] squashfs: version 4.0 (2009/01/31) Phillip Lougher
[    1.176494] Key type asymmetric registered
[    1.198161] Asymmetric key parser 'x509' registered
[    1.222515] Block layer SCSI generic (bsg) driver version 0.4 loaded (major 252)
[    1.258787] io scheduler noop registered (default)
[    1.283662] io scheduler cfq registered
[    1.297497] virtio-mmio virtio-mmio.0: Failed to enable 64-bit or 32-bit DMA.  Trying to continue, but this might not work.
[    1.343774] virtio-mmio virtio-mmio.1: Failed to enable 64-bit or 32-bit DMA.  Trying to continue, but this might not work.
[    1.399210] virtio-mmio virtio-mmio.2: Failed to enable 64-bit or 32-bit DMA.  Trying to continue, but this might not work.
[    1.459447] Serial: 8250/16550 driver, 1 ports, IRQ sharing disabled
[    1.515920] serial8250: ttyS0 at I/O 0x3f8 (irq = 4, base_baud = 115200) is a U6_16550A
[    1.560603] loop: module loaded
[    1.581672] Loading iSCSI transport class v2.0-870.
[    1.608547] iscsi: registered transport (tcp)
[    1.633595] tun: Universal TUN/TAP device driver, 1.6
2025-12-07T10:00:48.999659953 [anonymous-instance:fc_vcpu 0] Failed to trigger i8042 kbd interrupt (disabled by guest OS)
[    1.672444] i8042: Failed to disable AUX port, but continuing anyway... Is this a SiS?
[    1.724213] i8042: If AUX port is really absent please use the 'i8042.noaux' option
2025-12-07T10:00:49.106562809 [anonymous-instance:fc_vcpu 0] Failed to trigger i8042 kbd interrupt (disabled by guest OS)
[    2.020578] serio: i8042 KBD port at 0x60,0x64 irq 1
[    2.060858] hidraw: raw HID events driver (C) Jiri Kosina
[    2.101316] nf_conntrack version 0.5.0 (8192 buckets, 32768 max)
[    2.135483] ip_tables: (C) 2000-2006 Netfilter Core Team
[    2.163704] Initializing XFRM netlink socket
[    2.184813] NET: Registered protocol family 10
[    2.202828] Segment Routing with IPv6
[    2.214013] NET: Registered protocol family 17
[    2.232654] Bridge firewalling registered
[    2.246523] NET: Registered protocol family 40
[    2.263288] sched_clock: Marking stable (2262034229, 0)->(4528369913, -2266335684)
[    2.293449] registered taskstats version 1
[    2.304887] Loading compiled-in X.509 certificates
[    2.318331] Loaded X.509 cert 'Build time autogenerated kernel key: e98e9d271da5d0a322cc4d7bfaa8c2c4c3e46010'
[    2.333371] random: fast init done
[    2.380196] Key type encrypted registered
[    2.685959] input: AT Raw Set 2 keyboard as /devices/platform/i8042/serio0/input/input0
[    2.742281] EXT4-fs (vda): recovery complete
[    2.755432] EXT4-fs (vda): mounted filesystem with ordered data mode. Opts: (null)
[    2.774751] VFS: Mounted root (ext4 filesystem) on device 254:0.
[    2.816547] devtmpfs: mounted
[    2.833469] Freeing unused kernel memory: 1324K
[    2.864046] Write protecting the kernel read-only data: 12288k
[    2.891217] Freeing unused kernel memory: 2016K
[    2.891784] random: crng init done
[    2.936246] Freeing unused kernel memory: 568K
--- TradeKit Agent listening on VSOCK Port 5000 ---
Found dependency drive at /dev/vdb. Mounting...
[    3.657410] EXT4-fs (vdb): mounted filesystem with ordered data mode. Opts: (null)
Dependencies mounted at /mnt/deps
Connection from Host CID: 2
Received Strategy. Writing to /tmp/...
DEBUG: Launching runner with PYTHONPATH=/mnt/deps:/code
DEBUG: Executing strategy...
Sending response (4381693 bytes)...
